Let's use **QUICK POLISH** mode to refine your story.

### 📊 Answer Strength Score

| Dimension | Score | Note |
|-----------|-------|------|
| Specificity | 5/5 | Provides clear details about the situation and actions taken. |
| Metrics & Impact | 5/5 | Specific revenue impact and percentage reductions provided. |
| Relevance to Question | 5/5 | Directly addresses a leadership challenge. |
| Structure (STARL) | 5/5 | Well-organized using the STARL format. |
| Insight & Learning | 5/5 | Clear learnings articulated. |
| **Overall** | **5/5** | |

### 🎯 Headline
Led a cross-functional team to resolve a critical issue in our payment processing system, significantly reducing transaction failures and recovering lost revenue.

### 📋 STARL Breakdown
- **Situation**: As a Senior PM at a fintech startup, I faced a critical issue where our payment processing system was failing 15% of transactions during peak hours, costing $200K/month in lost revenue.
- **Task**: My VP tasked me with leading the initiative to fix the system.
- **Actions**: I assembled a cross-functional team, ran a diagnostic sprint to identify root causes, and prioritized fixes based on impact. I held daily standups and maintained visibility for leadership. When a key team member was reassigned, I negotiated to keep him partially allocated to our project.
- **Results**: After three weeks, transaction failures dropped from 15% to 0.3%, recovering approximately $180K/month in revenue. Our approach was presented as a case study by the VP.
- **Learnings**: I learned the importance of leading through influence rather than authority and the value of transparent communication in keeping the team aligned under pressure.

### 🎤 Spoken Version
"During my time as a Senior PM at a fintech startup, we faced a significant challenge: our payment processing system was failing 15% of transactions during peak hours, which was costing us about $200K a month in lost revenue. My VP asked me to lead the effort to resolve this issue. 

I quickly assembled a cross-functional team consisting of four backend engineers, one DevOps engineer, and one QA lead. We kicked off with a two-day diagnostic sprint where we identified three root causes: an under-provisioned database, inefficient API retry logic, and missing circuit breakers. I prioritized our fixes based on their potential impact, focusing first on scaling the database, which would resolve around 60% of the failures. This meant delaying the retry logic fix for a sprint because it required a more extensive redesign.

To keep everyone aligned, I held daily 15-minute standups and created a shared dashboard for real-time visibility for leadership. When our DevOps engineer was pulled into another project mid-sprint, I negotiated with his manager to ensure he remained 50% allocated to our team.

As a result, within three weeks, transaction failures dropped dramatically from 15% to just 0.3%, allowing us to recover about $180K a month in revenue. Our VP even presented our approach as a case study to the entire engineering organization. From this experience, I learned that leading through influence rather than authority and maintaining open communication were essential for keeping the team aligned under pressure."

### 💡 Why This Answers the Question
This response clearly demonstrates leadership by showcasing how I took charge of a critical situation, assembled a team, made strategic decisions, and communicated effectively. It highlights my ability to lead under pressure and achieve significant results.

### ❓ Follow-Up Questions
1. How did you handle team dynamics and conflicts during this project?
2. Can you describe a specific challenge you faced while implementing the fixes?
3. What feedback did you receive from your VP or other stakeholders after the project?
4. How did you ensure the sustainability of these improvements after the project ended?
5. What skills do you think are most important for effective leadership in a tech environment?
6. How would you approach a similar situation differently in the future?
7. Can you discuss a time when a decision you made did not turn out as expected?

### 💪 Recommendations
1. **Expand on Team Dynamics**: Include a brief example of how you fostered collaboration among diverse team members.
2. **Highlight Specific Challenges**: Discuss a challenge in more detail, such as a technical obstacle or a team conflict you resolved.
3. **Stakeholder Feedback**: Mention any specific feedback or recognition you received from leadership post-project.
4. **Sustainability Measures**: Talk about how you ensured that the solutions were maintained and what follow-up actions were taken.

### 🔄 What's Next?
1. Want to **practice follow-up questions**? I'll play the interviewer.
2. Want to **strengthen this answer**? Tell me more details and I'll regenerate.
3. Want to **try a different question**? Start fresh with a new story.
